
> MedTracker@0.0.1 typecheck
> tsc --noEmit --skipLibCheck

src/shared/api/health-platform/apple-health.ts(51,22): error TS2339: Property 'saveBloodPressure' does not exist on type 'AppleHealthKit'.
src/shared/api/health-platform/health-connect.ts(91,22): error TS2339: Property 'recordIds' does not exist on type 'string[]'.
src/shared/api/health-platform/health-connect.ts(91,42): error TS2339: Property 'recordIds' does not exist on type 'string[]'.
